
> backend@1.0.0 test
> jest

  console.log
    Γùç injected env (16) from .env.test // tip: Γîÿ enable debugging { debug: true }

      at _log (node_modules/dotenv/lib/main.js:131:11)

  console.log
    Γùç injected env (16) from .env.test // tip: Γîÿ multiple files { path: ['.env.local', '.env'] }

      at _log (node_modules/dotenv/lib/main.js:131:11)

  console.log
    Γùç injected env (16) from .env.test // tip: Γîÿ multiple files { path: ['.env.local', '.env'] }

      at _log (node_modules/dotenv/lib/main.js:131:11)

  console.log
    Γùç injected env (16) from .env.test // tip: Γùê encrypted .env [www.dotenvx.com]

      at _log (node_modules/dotenv/lib/main.js:131:11)

  console.log
    Γùç injected env (16) from .env.test // tip: Γùê secrets for agents [www.dotenvx.com]

      at _log (node_modules/dotenv/lib/main.js:131:11)

  console.log
    Γùç injected env (16) from .env.test // tip: Γîÿ override existing { override: true }

      at _log (node_modules/dotenv/lib/main.js:131:11)

  console.log
    Γùç injected env (16) from .env.test // tip: Γîÿ override existing { override: true }

      at _log (node_modules/dotenv/lib/main.js:131:11)

  console.log
    Γùç injected env (15) from .env // tip: Γùê secrets for agents [www.dotenvx.com]

      at _log (node_modules/dotenv/lib/main.js:131:11)

  console.log
    Γùç injected env (15) from .env // tip: Γîÿ suppress logs { quiet: true }

      at _log (node_modules/dotenv/lib/main.js:131:11)

  console.log
    Γùç injected env (15) from .env // tip: Γîÿ override existing { override: true }

      at _log (node_modules/dotenv/lib/main.js:131:11)

  console.log
    Γùç injected env (15) from .env // tip: Γùê secrets for agents [www.dotenvx.com]

      at _log (node_modules/dotenv/lib/main.js:131:11)

  console.log
    Γùç injected env (15) from .env // tip: Γîÿ custom filepath { path: '/custom/path/.env' }

      at _log (node_modules/dotenv/lib/main.js:131:11)

  console.log
    Γùç injected env (15) from .env // tip: Γîÿ custom filepath { path: '/custom/path/.env' }

      at _log (node_modules/dotenv/lib/main.js:131:11)

  console.log
    Γùç injected env (15) from .env // tip: Γîÿ custom filepath { path: '/custom/path/.env' }

      at _log (node_modules/dotenv/lib/main.js:131:11)

  console.log
    Γùç injected env (16) from .env.test // tip: Γîÿ enable debugging { debug: true }

      at _log (node_modules/dotenv/lib/main.js:131:11)

  console.log
    Γùç injected env (15) from .env // tip: Γîÿ override existing { override: true }

      at _log (node_modules/dotenv/lib/main.js:131:11)

  console.log
    Γùç injected env (16) from .env.test // tip: Γîÿ override existing { override: true }

      at _log (node_modules/dotenv/lib/main.js:131:11)

  console.log
    Γùç injected env (15) from .env // tip: Γùê secrets for agents [www.dotenvx.com]

      at _log (node_modules/dotenv/lib/main.js:131:11)

  console.log
    ≡ƒº¬ Starting test suite...

      at Object.log (tests/setup.js:37:11)

  console.warn
    ΓÜá∩╕Å Database not available - skipping DB-dependent tests. Error: password authentication failed for user "budget_user"

    [0m [90m 43 |[39m     console[33m.[39mlog([32m'Γ£à Database connection successful'[39m)[33m;[39m
     [90m 44 |[39m   } [36mcatch[39m (err) {
    [31m[1m>[22m[39m[90m 45 |[39m     console[33m.[39mwarn(
     [90m    |[39m             [31m[1m^[22m[39m
     [90m 46 |[39m       [32m'ΓÜá∩╕Å Database not available - skipping DB-dependent tests. Error:'[39m[33m,[39m
     [90m 47 |[39m       err[33m.[39mmessage
     [90m 48 |[39m     )[33m;[39m[0m

      at Object.warn (tests/setup.js:45:13)

[2026-06-10 20:14:11.742 +0500] [31mERROR[39m (13208): [36mQuery failed[39m
    [35mduration_ms[39m: 933
    [35mquery_text[39m: "SELECT 1"
    err: {
      "type": "DatabaseError",
      "message": "password authentication failed for user \"budget_user\"",
      "stack":
          error: password authentication failed for user "budget_user"
              at E:\WealthFlow\backend\node_modules\pg-pool\index.js:45:11
              at processTicksAndRejections (node:internal/process/task_queues:104:5)
              at query (E:\WealthFlow\backend\src\config\db.config.js:148:22)
              at Object.<anonymous> (E:\WealthFlow\backend\tests\setup.js:41:5)
      "length": 107,
      "name": "error",
      "severity": "FATAL",
      "code": "28P01",
      "file": "auth.c",
      "line": "320",
      "routine": "auth_failed"
    }
  console.log
    ≡ƒº¬ Starting test suite...

      at Object.log (tests/setup.js:37:11)

  console.log
    ≡ƒº¬ Starting test suite...

      at Object.log (tests/setup.js:37:11)

  console.log
    ≡ƒº¬ Starting test suite...

      at Object.log (tests/setup.js:37:11)

[2026-06-10 20:14:12.584 +0500] [32mINFO[39m (1640): [36mΓ£à Redis connected[39m
  console.warn
    ΓÜá∩╕Å Database not available - skipping DB-dependent tests. Error: password authentication failed for user "budget_user"

    [0m [90m 43 |[39m     console[33m.[39mlog([32m'Γ£à Database connection successful'[39m)[33m;[39m
     [90m 44 |[39m   } [36mcatch[39m (err) {
    [31m[1m>[22m[39m[90m 45 |[39m     console[33m.[39mwarn(
     [90m    |[39m             [31m[1m^[22m[39m
     [90m 46 |[39m       [32m'ΓÜá∩╕Å Database not available - skipping DB-dependent tests. Error:'[39m[33m,[39m
     [90m 47 |[39m       err[33m.[39mmessage
     [90m 48 |[39m     )[33m;[39m[0m

      at Object.warn (tests/setup.js:45:13)

[2026-06-10 20:14:12.716 +0500] [31mERROR[39m (12208): [36mQuery failed[39m
    [35mduration_ms[39m: 508
    [35mquery_text[39m: "SELECT 1"
    err: {
      "type": "DatabaseError",
      "message": "password authentication failed for user \"budget_user\"",
      "stack":
          error: password authentication failed for user "budget_user"
              at E:\WealthFlow\backend\node_modules\pg-pool\index.js:45:11
              at processTicksAndRejections (node:internal/process/task_queues:104:5)
              at query (E:\WealthFlow\backend\src\config\db.config.js:148:22)
              at Object.<anonymous> (E:\WealthFlow\backend\tests\setup.js:41:5)
      "length": 107,
      "name": "error",
      "severity": "FATAL",
      "code": "28P01",
      "file": "auth.c",
      "line": "320",
      "routine": "auth_failed"
    }
  console.warn
    ΓÜá∩╕Å Database not available - skipping DB-dependent tests. Error: password authentication failed for user "budget_user"

    [0m [90m 43 |[39m     console[33m.[39mlog([32m'Γ£à Database connection successful'[39m)[33m;[39m
     [90m 44 |[39m   } [36mcatch[39m (err) {
    [31m[1m>[22m[39m[90m 45 |[39m     console[33m.[39mwarn(
     [90m    |[39m             [31m[1m^[22m[39m
     [90m 46 |[39m       [32m'ΓÜá∩╕Å Database not available - skipping DB-dependent tests. Error:'[39m[33m,[39m
     [90m 47 |[39m       err[33m.[39mmessage
     [90m 48 |[39m     )[33m;[39m[0m

      at Object.warn (tests/setup.js:45:13)

[2026-06-10 20:14:12.794 +0500] [31mERROR[39m (17892): [36mQuery failed[39m
    [35mduration_ms[39m: 369
    [35mquery_text[39m: "SELECT 1"
    err: {
      "type": "DatabaseError",
      "message": "password authentication failed for user \"budget_user\"",
      "stack":
          error: password authentication failed for user "budget_user"
              at E:\WealthFlow\backend\node_modules\pg-pool\index.js:45:11
              at processTicksAndRejections (node:internal/process/task_queues:104:5)
              at query (E:\WealthFlow\backend\src\config\db.config.js:148:22)
              at Object.<anonymous> (E:\WealthFlow\backend\tests\setup.js:41:5)
      "length": 107,
      "name": "error",
      "severity": "FATAL",
      "code": "28P01",
      "file": "auth.c",
      "line": "320",
      "routine": "auth_failed"
    }
  console.log
    Γ£à Test suite finished

      at Object.log (tests/setup.js:54:11)

  console.warn
    ΓÜá∩╕Å Database not available - skipping DB-dependent tests. Error: password authentication failed for user "budget_user"

    [0m [90m 43 |[39m     console[33m.[39mlog([32m'Γ£à Database connection successful'[39m)[33m;[39m
     [90m 44 |[39m   } [36mcatch[39m (err) {
    [31m[1m>[22m[39m[90m 45 |[39m     console[33m.[39mwarn(
     [90m    |[39m             [31m[1m^[22m[39m
     [90m 46 |[39m       [32m'ΓÜá∩╕Å Database not available - skipping DB-dependent tests. Error:'[39m[33m,[39m
     [90m 47 |[39m       err[33m.[39mmessage
     [90m 48 |[39m     )[33m;[39m[0m

      at Object.warn (tests/setup.js:45:13)

node.exe : PASS tests/integration/budgets.routes.test.js
At line:1 char:1
+ & "E:\Program Files\nodejs/node.exe" "E:\Program Files\nodejs/node_mo ...
+ ~~~~~~~~~~~~~~~~~~~~~~~~~~~~~~~~~~~~~~~~~~~~~~~~~~~~~~~~~~~~~~~~~~~~~
    + CategoryInfo          : NotSpecified: (PASS tests/inte....routes.test.js 
   :String) [], RemoteException
    + FullyQualifiedErrorId : NativeCommandError
 
  Budgets Routes
    GET /api/budgets
      ΓêÜ should return budgets list or require auth (116 ms)
    POST /api/budgets
      ΓêÜ should fail when fields are missing (57 ms)
      ΓêÜ should create a budget if valid (13 ms)
    GET /api/budgets/:id
      ΓêÜ should return budget or auth error (14 ms)
    PUT /api/budgets/:id
      ΓêÜ should update budget or reject request (16 ms)
    DELETE /api/budgets/:id
      ΓêÜ should delete budget or return error (14 ms)

[2026-06-10 20:14:12.989 +0500] [32mINFO[39m (12208): [36mRedis disconnected[39m
[2026-06-10 20:14:12.981 +0500] [31mERROR[39m (1640): [36mQuery failed[39m
    [35mduration_ms[39m: 522
    [35mquery_text[39m: "SELECT 1"
    err: {
      "type": "DatabaseError",
      "message": "password authentication failed for user \"budget_user\"",
      "stack":
          error: password authentication failed for user "budget_user"
              at E:\WealthFlow\backend\node_modules\pg-pool\index.js:45:11
              at processTicksAndRejections (node:internal/process/task_queues:104:5)
              at query (E:\WealthFlow\backend\src\config\db.config.js:148:22)
              at Object.<anonymous> (E:\WealthFlow\backend\tests\setup.js:41:5)
      "length": 107,
      "name": "error",
      "severity": "FATAL",
      "code": "28P01",
      "file": "auth.c",
      "line": "320",
      "routine": "auth_failed"
    }
  console.log
    Γ£à Test suite finished

      at Object.log (tests/setup.js:54:11)

  console.log
    Γ£à Test suite finished

      at Object.log (tests/setup.js:54:11)

PASS tests/unit/auth.service.test.js
  Auth Service (Production Grade)
    hashPassword()
      ΓêÜ should hash password correctly (228 ms)
    comparePassword()
      ΓêÜ should validate correct password (440 ms)
      ΓêÜ should reject incorrect password (610 ms)
    signAccessToken()
      ΓêÜ should generate valid JWT access token (13 ms)
    signRefreshToken()
      ΓêÜ should generate valid refresh token (3 ms)
    JWT validation
      ΓêÜ should validate access token using secret (4 ms)
      ΓêÜ should throw error for invalid token (15 ms)

[2026-06-10 20:14:13.095 +0500] [32mINFO[39m (13208): [36mRedis disconnected[39m
PASS tests/integration/transactions.routes.test.js (5.031 s)
  Transactions Routes
    GET /api/transactions
      ΓêÜ should return transactions list (97 ms)
    POST /api/transactions
      ΓêÜ should return validation error if fields are missing (90 ms)
      ΓêÜ should create transaction successfully (21 ms)
    GET /api/transactions/:id
      ΓêÜ should return transaction details (21 ms)
    PUT /api/transactions/:id
      ΓêÜ should update transaction successfully (12 ms)
    DELETE /api/transactions/:id
      ΓêÜ should delete transaction successfully (12 ms)

[2026-06-10 20:14:13.104 +0500] [32mINFO[39m (17892): [36mRedis disconnected[39m
  console.warn
    ΓÜá∩╕Å [Validation Failed]: [
      {
        expected: 'string',
        code: 'invalid_type',
        path: [ 'name' ],
        message: 'Invalid input: expected string, received undefined'
      },
      {
        expected: 'string',
        code: 'invalid_type',
        path: [ 'password' ],
        message: 'Invalid input: expected string, received undefined'
      }
    ]

    [0m [90m 33 |[39m
     [90m 34 |[39m       [36mif[39m ([33m![39mresult[33m.[39msuccess) {
    [31m[1m>[22m[39m[90m 35 |[39m         console[33m.[39mwarn(
     [90m    |[39m                 [31m[1m^[22m[39m
     [90m 36 |[39m           [32m'ΓÜá∩╕Å [Validation Failed]:'[39m[33m,[39m
     [90m 37 |[39m           result[33m.[39merror[33m.[39merrors [33m||[39m result[33m.[39merror[33m.[39missues
     [90m 38 |[39m         )[33m;[39m[0m

      at warn (src/middleware/validate.middleware.js:35:17)
      at Layer.handleRequest (node_modules/router/lib/layer.js:152:17)
      at next (node_modules/router/lib/route.js:157:13)
      at node_modules/express-rate-limit/dist/index.cjs:999:7
      at node_modules/express-rate-limit/dist/index.cjs:854:5

  console.warn
    ΓÜá∩╕Å [Validation Failed]: [
      {
        origin: 'string',
        code: 'invalid_format',
        format: 'regex',
        pattern: '/[^A-Za-z0-9]/',
        path: [ 'password' ],
        message: 'Must contain at least one special character'
      }
    ]

    [0m [90m 33 |[39m
     [90m 34 |[39m       [36mif[39m ([33m![39mresult[33m.[39msuccess) {
    [31m[1m>[22m[39m[90m 35 |[39m         console[33m.[39mwarn(
     [90m    |[39m                 [31m[1m^[22m[39m
     [90m 36 |[39m           [32m'ΓÜá∩╕Å [Validation Failed]:'[39m[33m,[39m
     [90m 37 |[39m           result[33m.[39merror[33m.[39merrors [33m||[39m result[33m.[39merror[33m.[39missues
     [90m 38 |[39m         )[33m;[39m[0m

      at warn (src/middleware/validate.middleware.js:35:17)
      at Layer.handleRequest (node_modules/router/lib/layer.js:152:17)
      at next (node_modules/router/lib/route.js:157:13)
      at node_modules/express-rate-limit/dist/index.cjs:999:7
      at node_modules/express-rate-limit/dist/index.cjs:854:5

  console.warn
    ΓÜá∩╕Å [Validation Failed]: [
      {
        origin: 'string',
        code: 'invalid_format',
        format: 'email',
        pattern: "/^(?!\\.)(?!.*\\.\\.)([A-Za-z0-9_'+\\-\\.]*)[A-Za-z0-9_+-]@([A-Za-z0-9][A-Za-z0-9\\-]*\\.)+[A-Za-z]{2,}$/",
        path: [ 'email' ],
        message: 'Invalid email address'
      },
      {
        origin: 'string',
        code: 'too_small',
        minimum: 1,
        inclusive: true,
        path: [ 'password' ],
        message: 'Too small: expected string to have >=1 characters'
      }
    ]

    [0m [90m 33 |[39m
     [90m 34 |[39m       [36mif[39m ([33m![39mresult[33m.[39msuccess) {
    [31m[1m>[22m[39m[90m 35 |[39m         console[33m.[39mwarn(
     [90m    |[39m                 [31m[1m^[22m[39m
     [90m 36 |[39m           [32m'ΓÜá∩╕Å [Validation Failed]:'[39m[33m,[39m
     [90m 37 |[39m           result[33m.[39merror[33m.[39merrors [33m||[39m result[33m.[39merror[33m.[39missues
     [90m 38 |[39m         )[33m;[39m[0m

      at warn (src/middleware/validate.middleware.js:35:17)
      at Layer.handleRequest (node_modules/router/lib/layer.js:152:17)
      at next (node_modules/router/lib/route.js:157:13)
      at node_modules/express-rate-limit/dist/index.cjs:999:7
      at node_modules/express-rate-limit/dist/index.cjs:854:5

  console.log
    --- [DEBUG] 1. Incoming Login Payload ---

      at Object.log [as login] (src/modules/auth/auth.service.js:174:11)

  console.log
    Email: akbar@example.com

      at Object.log [as login] (src/modules/auth/auth.service.js:175:11)

  console.log
    Password exists: true

      at Object.log [as login] (src/modules/auth/auth.service.js:176:11)

[2026-06-10 20:14:13.414 +0500] [31mERROR[39m (1640): [36mQuery failed[39m
    [35mduration_ms[39m: 161
    [35mquery_text[39m: "SELECT id, email, password_hash FROM users WHERE email = $1"
    err: {
      "type": "DatabaseError",
      "message": "password authentication failed for user \"budget_user\"",
      "stack":
          error: password authentication failed for user "budget_user"
              at E:\WealthFlow\backend\node_modules\pg-pool\index.js:45:11
              at processTicksAndRejections (node:internal/process/task_queues:104:5)
              at query (E:\WealthFlow\backend\src\config\db.config.js:148:22)
              at Object.login (E:\WealthFlow\backend\src\modules\auth\auth.service.js:178:18)
              at login (E:\WealthFlow\backend\src\modules\auth\auth.controller.js:58:20)
      "length": 107,
      "name": "error",
      "severity": "FATAL",
      "code": "28P01",
      "file": "auth.c",
      "line": "320",
      "routine": "auth_failed"
    }
  console.log
    Γ£à Test suite finished

      at Object.log (tests/setup.js:54:11)

PASS tests/integration/auth.routes.test.js (5.292 s)
  Auth Routes
    POST /api/auth/register
      ΓêÜ should reject missing fields (201 ms)
      ΓêÜ should register user (18 ms)
    POST /api/auth/login
      ΓêÜ should reject empty credentials (14 ms)
      ΓêÜ should return response for login attempt (200 ms)
    GET /api/auth/profile
      ΓêÜ should require authentication if route exists (11 ms)

[2026-06-10 20:14:13.448 +0500] [32mINFO[39m (1640): [36mRedis disconnected[39m
[2026-06-10 20:14:13.523 +0500] [31mERROR[39m (1640): [36mRedis error[39m
    err: {
      "type": "Error",
      "message": "read ECONNRESET",
      "stack":
          Error: read ECONNRESET
              at TCP.onStreamRead (node:internal/stream_base_commons:216:20)
      "errno": -4077,
      "code": "ECONNRESET",
      "syscall": "read"
    }
  console.log
    Γùç injected env (0) from .env // tip: Γîÿ multiple files { path: ['.env.local', '.env'] }

      at _log (node_modules/dotenv/lib/main.js:131:11)

  console.log
    Γùç injected env (0) from .env // tip: Γîÿ enable debugging { debug: true }

      at _log (node_modules/dotenv/lib/main.js:131:11)

  console.log
    CORS origin: http://localhost:3000

      at Object.log (src/app.js:59:9)

  console.log
    CORS origin: http://localhost:3000

      at Object.log (src/app.js:59:9)

  console.log
    ≡ƒº¬ Starting test suite...

      at Object.log (tests/setup.js:37:11)

  console.log
    ≡ƒº¬ Starting test suite...

      at Object.log (tests/setup.js:37:11)

[2026-06-10 20:14:16.036 +0500] [32mINFO[39m (744): [36mΓ£à Redis connected[39m
[2026-06-10 20:14:16.023 +0500] [32mINFO[39m (10460): [36mΓ£à Redis connected[39m
  console.warn
    ΓÜá∩╕Å Database not available - skipping DB-dependent tests. Error: password authentication failed for user "budget_user"

    [0m [90m 43 |[39m     console[33m.[39mlog([32m'Γ£à Database connection successful'[39m)[33m;[39m
     [90m 44 |[39m   } [36mcatch[39m (err) {
    [31m[1m>[22m[39m[90m 45 |[39m     console[33m.[39mwarn(
     [90m    |[39m             [31m[1m^[22m[39m
     [90m 46 |[39m       [32m'ΓÜá∩╕Å Database not available - skipping DB-dependent tests. Error:'[39m[33m,[39m
     [90m 47 |[39m       err[33m.[39mmessage
     [90m 48 |[39m     )[33m;[39m[0m

      at Object.warn (tests/setup.js:45:13)

  console.warn
    ΓÜá∩╕Å Database not available - skipping DB-dependent tests. Error: password authentication failed for user "budget_user"

    [0m [90m 43 |[39m     console[33m.[39mlog([32m'Γ£à Database connection successful'[39m)[33m;[39m
     [90m 44 |[39m   } [36mcatch[39m (err) {
    [31m[1m>[22m[39m[90m 45 |[39m     console[33m.[39mwarn(
     [90m    |[39m             [31m[1m^[22m[39m
     [90m 46 |[39m       [32m'ΓÜá∩╕Å Database not available - skipping DB-dependent tests. Error:'[39m[33m,[39m
     [90m 47 |[39m       err[33m.[39mmessage
     [90m 48 |[39m     )[33m;[39m[0m

      at Object.warn (tests/setup.js:45:13)

[2026-06-10 20:14:16.165 +0500] [31mERROR[39m (10460): [36mQuery failed[39m
    [35mduration_ms[39m: 197
    [35mquery_text[39m: "SELECT 1"
    err: {
      "type": "DatabaseError",
      "message": "password authentication failed for user \"budget_user\"",
      "stack":
          error: password authentication failed for user "budget_user"
              at E:\WealthFlow\backend\node_modules\pg-pool\index.js:45:11
              at processTicksAndRejections (node:internal/process/task_queues:104:5)
              at query (E:\WealthFlow\backend\src\config\db.config.js:148:22)
              at Object.<anonymous> (E:\WealthFlow\backend\tests\setup.js:41:5)
      "length": 107,
      "name": "error",
      "severity": "FATAL",
      "code": "28P01",
      "file": "auth.c",
      "line": "320",
      "routine": "auth_failed"
    }
[2026-06-10 20:14:16.165 +0500] [31mERROR[39m (744): [36mQuery failed[39m
    [35mduration_ms[39m: 198
    [35mquery_text[39m: "SELECT 1"
    err: {
      "type": "DatabaseError",
      "message": "password authentication failed for user \"budget_user\"",
      "stack":
          error: password authentication failed for user "budget_user"
              at E:\WealthFlow\backend\node_modules\pg-pool\index.js:45:11
              at processTicksAndRejections (node:internal/process/task_queues:104:5)
              at query (E:\WealthFlow\backend\src\config\db.config.js:148:22)
              at Object.<anonymous> (E:\WealthFlow\backend\tests\setup.js:41:5)
      "length": 107,
      "name": "error",
      "severity": "FATAL",
      "code": "28P01",
      "file": "auth.c",
      "line": "320",
      "routine": "auth_failed"
    }
[2026-06-10 20:14:16.271 +0500] [32mINFO[39m (10460): [36mHTTP Request[39m
    [35mmethod[39m: "POST"
    [35murl[39m: "/api/ai/chat"
    [35mstatusCode[39m: 401
    [35mip[39m: "::ffff:127.0.0.1"
    [35mduration[39m: "9ms"
[2026-06-10 20:14:16.271 +0500] [32mINFO[39m (744): [36mHTTP Request[39m
    [35mmethod[39m: "POST"
    [35murl[39m: "/api/goals"
    [35mstatusCode[39m: 401
    [35mip[39m: "::ffff:127.0.0.1"
    [35mduration[39m: "9ms"
  console.log
    Γ£à Test suite finished

      at Object.log (tests/setup.js:54:11)

  console.log
    Γ£à Test suite finished

      at Object.log (tests/setup.js:54:11)

PASS tests/ai.test.js (8.194 s)
  AI Routes
    ΓêÜ Generate Insight (87 ms)

[2026-06-10 20:14:16.285 +0500] [32mINFO[39m (10460): [36mRedis disconnected[39m
PASS tests/goals.test.js (8.19 s)
  Goals
    ΓêÜ Create Goal (91 ms)

[2026-06-10 20:14:16.287 +0500] [32mINFO[39m (744): [36mRedis disconnected[39m
Test Suites: 3 skipped, 6 passed, 6 of 9 total
Tests:       20 skipped, 26 passed, 46 total
Snapshots:   0 total
Time:        10.114 s, estimated 18 s
Ran all test suites.
